// Jest Snapshot v1, https://goo.gl/fbAQLP

exports[`icon render successfully 1`] = `
<svg
  className="fui-icon"
>
  <use
    xlinkHref="#alipay"
  />
</svg>
`;

exports[`icon.example.scss render successfully 1`] = `
<svg
  className="fui-icon"
>
  <use
    xlinkHref="#alipay"
  />
</svg>
`;
